// Jest Snapshot v1, https://goo.gl/fbAQLP

exports[`AddProperty renders correctly 1`] = `
<DocumentFragment>
  <div
    class="add-property-container"
  >
    <div
      class="add-property"
    >
      <form
        data-testid="add-property-form"
      >
        <ul
          class="form-ul"
        >
          <li>
            <label
              for="title"
            >
              Title:
            </label>
            <input
              id="title"
              name="title"
              placeholder="Brief description"
              type="text"
              value=""
            />
          </li>
          <li>
            <label
              for="type"
            >
              Type:
            </label>
            <select
              id="type"
              name="type"
            >
              <option
                value="Flat"
              >
                Flat
              </option>
              <option
                value="Semi-Detached"
              >
                Semi-Detached
              </option>
              <option
                value="Terraced"
              >
                Terraced
              </option>
              <option
                value="End of Terrace"
              >
                End of Terrace
              </option>
              <option
                value="Cottage"
              >
                Cottage
              </option>
              <option
                value="Bungalow"
              >
                Bungalow
              </option>
            </select>
          </li>
          <span
            class="bedroom-bathroom-flex-container"
          >
            <li
              class="bedroom-li"
            >
              <label
                for="bedrooms"
              >
                Bedrooms:
              </label>
              <input
                id="bedrooms"
                max="100"
                min="0"
                name="bedrooms"
                placeholder="e.g. 2"
                type="number"
                value=""
              />
            </li>
            <li
              class="bathroom-li"
            >
              <label
                for="bathrooms"
              >
                Bathrooms:
              </label>
              <input
                id="bathrooms"
                max="20"
                min="0"
                name="bathrooms"
                placeholder="e.g. 1"
                type="number"
                value=""
              />
            </li>
          </span>
          <li>
            <label
              for="price"
            >
              Price:
            </label>
            <div
              class="currency-wrapper"
            >
              <input
                id="price"
                min="0"
                name="price"
                placeholder="250,000"
                type="number"
                value=""
              />
              <span
                class="currency-symbol"
              >
                Â£
              </span>
            </div>
          </li>
          <li>
            <label
              for="city"
            >
              City:
            </label>
            <select
              id="city"
              name="city"
              type="select"
            >
              <option
                value="Manchester"
              >
                Manchester
              </option>
              <option
                value="Leeds"
              >
                Leeds
              </option>
              <option
                value="Sheffield"
              >
                Sheffield
              </option>
              <option
                value="Liverpool"
              >
                Liverpool
              </option>
            </select>
          </li>
          <li>
            <label
              for="email"
            >
              Email:
            </label>
            <input
              id="email"
              name="email"
              placeholder="Main contact"
              type="email"
              value=""
            />
          </li>
          <li>
            <button
              class="add-property-button"
              type="submit"
            >
              Add Property
            </button>
          </li>
        </ul>
      </form>
    </div>
  </div>
</DocumentFragment>
`;
